I'm sorry, but errors were detected in your script. Please correct the
errors listed below, and try again.


File "game/script.rpy", line 145: invalid syntax. Perhaps you forgot a comma?
    renpy.notify("「"+plname"的个人信息已更新！」")
                     ^^^^^^^^^^^^

Ren'Py Version: Ren'Py 8.4.1.25072401
Mon Sep 22 14:52:42 2025
